2025-04-30 01:20:00,258 ERROR scheduler Skipped queueing frappe.desk.form.document_follow.send_daily_updates because it was found in queue for localhost
2025-04-30 01:20:00,261 ERROR scheduler Skipped queueing frappe.sessions.clear_expired_sessions because it was found in queue for localhost
2025-04-30 01:20:00,264 ERROR scheduler Skipped queueing frappe.desk.form.document_follow.send_hourly_updates because it was found in queue for localhost
2025-04-30 01:20:00,267 ERROR scheduler Skipped queueing frappe.website.doctype.web_page.web_page.check_publish_status because it was found in queue for localhost
2025-04-30 01:20:00,269 ERROR scheduler Skipped queueing frappe.deferred_insert.save_to_db because it was found in queue for localhost
2025-04-30 01:20:00,273 ERROR scheduler Skipped queueing frappe.email.doctype.email_account.email_account.notify_unreplied because it was found in queue for localhost
2025-04-30 01:20:00,276 ERROR scheduler Skipped queueing frappe.integrations.doctype.dropbox_settings.dropbox_settings.take_backups_daily because it was found in queue for localhost
2025-04-30 01:20:00,279 ERROR scheduler Skipped queueing frappe.email.doctype.auto_email_report.auto_email_report.send_daily because it was found in queue for localhost
2025-04-30 01:20:00,282 ERROR scheduler Skipped queueing frappe.website.doctype.personal_data_deletion_request.personal_data_deletion_request.remove_unverified_record because it was found in queue for localhost
2025-04-30 01:20:00,285 ERROR scheduler Skipped queueing frappe.email.doctype.notification.notification.trigger_daily_alerts because it was found in queue for localhost
2025-04-30 01:20:00,288 ERROR scheduler Skipped queueing frappe.desk.notifications.clear_notifications because it was found in queue for localhost
2025-04-30 01:20:00,291 ERROR scheduler Skipped queueing frappe.automation.doctype.reminder.reminder.send_reminders because it was found in queue for localhost
2025-04-30 01:20:00,293 ERROR scheduler Skipped queueing frappe.integrations.doctype.google_contacts.google_contacts.sync because it was found in queue for localhost
2025-04-30 01:20:00,298 ERROR scheduler Skipped queueing frappe.core.doctype.prepared_report.prepared_report.expire_stalled_report because it was found in queue for localhost
2025-04-30 01:20:00,302 ERROR scheduler Skipped queueing frappe.email.queue.flush because it was found in queue for localhost
2025-04-30 01:20:00,304 ERROR scheduler Skipped queueing frappe.oauth.delete_oauth2_data because it was found in queue for localhost
2025-04-30 01:20:00,305 ERROR scheduler Skipped queueing frappe.website.doctype.personal_data_deletion_request.personal_data_deletion_request.process_data_deletion_request because it was found in queue for localhost
2025-04-30 01:20:00,307 ERROR scheduler Skipped queueing frappe.email.doctype.notification.notification.trigger_offset_alerts because it was found in queue for localhost
2025-04-30 01:20:00,308 ERROR scheduler Skipped queueing frappe.desk.doctype.event.event.send_event_digest because it was found in queue for localhost
2025-04-30 01:20:00,314 ERROR scheduler Skipped queueing frappe.model.utils.user_settings.sync_user_settings because it was found in queue for localhost
2025-04-30 01:20:00,316 ERROR scheduler Skipped queueing frappe.monitor.flush because it was found in queue for localhost
2025-04-30 01:20:00,318 ERROR scheduler Skipped queueing frappe.email.doctype.newsletter.newsletter.send_scheduled_email because it was found in queue for localhost
2025-04-30 01:20:00,320 ERROR scheduler Skipped queueing frappe.integrations.doctype.google_drive.google_drive.daily_backup because it was found in queue for localhost
2025-04-30 01:20:00,321 ERROR scheduler Skipped queueing frappe.integrations.doctype.s3_backup_settings.s3_backup_settings.take_backups_daily because it was found in queue for localhost
2025-04-30 01:20:00,322 ERROR scheduler Skipped queueing frappe.model.utils.link_count.update_link_count because it was found in queue for localhost
2025-04-30 01:20:00,327 ERROR scheduler Skipped queueing frappe.core.doctype.log_settings.log_settings.run_log_clean_up because it was found in queue for localhost
2025-04-30 01:20:00,328 ERROR scheduler Skipped queueing frappe.desk.page.backups.backups.delete_downloadable_backups because it was found in queue for localhost
2025-04-30 01:31:59,667 ERROR scheduler Skipped queueing frappe.core.doctype.prepared_report.prepared_report.expire_stalled_report because it was found in queue for localhost
2025-04-30 01:31:59,675 ERROR scheduler Skipped queueing frappe.website.doctype.web_page.web_page.check_publish_status because it was found in queue for localhost
2025-04-30 01:31:59,680 ERROR scheduler Skipped queueing frappe.utils.global_search.sync_global_search because it was found in queue for localhost
2025-04-30 01:31:59,683 ERROR scheduler Skipped queueing frappe.oauth.delete_oauth2_data because it was found in queue for localhost
2025-04-30 01:31:59,692 ERROR scheduler Skipped queueing frappe.automation.doctype.reminder.reminder.send_reminders because it was found in queue for localhost
2025-04-30 01:31:59,697 ERROR scheduler Skipped queueing frappe.twofactor.delete_all_barcodes_for_users because it was found in queue for localhost
2025-04-30 01:31:59,700 ERROR scheduler Skipped queueing frappe.email.doctype.notification.notification.trigger_offset_alerts because it was found in queue for localhost
2025-04-30 01:32:00,742 ERROR scheduler Skipped queueing frappe.website.doctype.web_page.web_page.check_publish_status because it was found in queue for localhost
2025-04-30 01:32:00,753 ERROR scheduler Skipped queueing frappe.automation.doctype.reminder.reminder.send_reminders because it was found in queue for localhost
2025-04-30 01:32:00,771 ERROR scheduler Skipped queueing frappe.core.doctype.prepared_report.prepared_report.expire_stalled_report because it was found in queue for localhost
2025-04-30 01:32:00,781 ERROR scheduler Skipped queueing frappe.email.doctype.notification.notification.trigger_offset_alerts because it was found in queue for localhost
2025-04-30 01:32:00,793 ERROR scheduler Skipped queueing frappe.twofactor.delete_all_barcodes_for_users because it was found in queue for localhost
2025-04-30 01:32:00,796 ERROR scheduler Skipped queueing frappe.oauth.delete_oauth2_data because it was found in queue for localhost
2025-04-30 04:16:00,762 ERROR scheduler Skipped queueing frappe.website.doctype.web_page.web_page.check_publish_status because it was found in queue for localhost
2025-04-30 04:16:00,779 ERROR scheduler Skipped queueing frappe.automation.doctype.reminder.reminder.send_reminders because it was found in queue for localhost
