2025-04-29 19:22:36,861 DEBUG cd frappe-bench && python3 -m venv env
2025-04-29 19:22:39,340 DEBUG cd frappe-bench && /home/lisian/development/frappe-bench/env/bin/python -m pip install --quiet --upgrade pip
2025-04-29 19:22:41,282 DEBUG cd frappe-bench && /home/lisian/development/frappe-bench/env/bin/python -m pip install --quiet wheel
2025-04-29 19:22:42,201 LOG Getting frappe
2025-04-29 19:22:42,202 DEBUG cd frappe-bench/apps && git clone https://github.com/frappe/frappe.git  --depth 1 --origin upstream
2025-04-29 19:22:58,649 LOG Installing frappe
2025-04-29 19:22:58,650 DEBUG cd /home/lisian/development/frappe-bench && /home/lisian/development/frappe-bench/env/bin/python -m pip install --quiet --upgrade -e /home/lisian/development/frappe-bench/apps/frappe 
2025-04-29 19:23:41,173 DEBUG cd /home/lisian/development/frappe-bench/apps/frappe && yarn install --check-files
2025-04-29 19:23:53,496 DEBUG cd frappe-bench && bench build
2025-04-29 19:23:53,610 INFO /home/lisian/.local/bin/bench build
2025-04-29 19:24:20,887 LOG setting up backups
2025-04-29 19:24:20,957 LOG backups were set up
2025-04-29 19:24:20,959 INFO Bench frappe-bench initialized
2025-04-29 19:24:38,985 INFO /home/lisian/.local/bin/bench new-site fayolex.com
2025-04-29 19:26:44,786 INFO /home/lisian/.local/bin/bench start
2025-04-29 19:27:06,559 INFO /home/lisian/.local/bin/bench start
2025-04-29 19:27:25,071 INFO /home/lisian/.local/bin/bench find .
2025-04-29 19:28:29,544 INFO /home/lisian/.local/bin/bench start
2025-04-29 19:28:57,613 INFO /home/lisian/.local/bin/bench --start fayolex.com add-to-hosts
2025-04-29 19:29:06,149 INFO /home/lisian/.local/bin/bench --site fayolex.com add-to-hosts
2025-04-29 19:29:14,394 INFO /home/lisian/.local/bin/bench start
2025-04-29 19:30:00,280 INFO /home/lisian/.local/bin/bench new-app dashboard
2025-04-29 19:30:00,285 LOG creating new app dashboard
2025-04-29 19:30:29,418 LOG Installing dashboard
2025-04-29 19:30:29,419 DEBUG cd /home/lisian/development/frappe-bench && /home/lisian/development/frappe-bench/env/bin/python -m pip install --quiet --upgrade -e /home/lisian/development/frappe-bench/apps/dashboard 
2025-04-29 19:30:31,886 DEBUG bench build --app dashboard
2025-04-29 19:30:32,001 INFO /home/lisian/.local/bin/bench build --app dashboard
2025-04-29 19:31:11,468 INFO /home/lisian/.local/bin/bench --site fayolex.com install-app dashboard
2025-04-29 19:31:22,948 INFO /home/lisian/.local/bin/bench --site fayolex.com list-app
2025-04-29 19:31:30,805 INFO /home/lisian/.local/bin/bench --site fayolex.com list-apps
2025-04-29 19:31:45,606 INFO /home/lisian/.local/bin/bench start
2025-04-29 19:32:23,605 INFO /home/lisian/.local/bin/bench start
2025-04-29 19:32:27,046 INFO /home/lisian/.local/bin/bench --site fayolex.com list-apps
2025-04-29 19:34:51,458 INFO /home/lisian/.local/bin/bench start
2025-04-29 19:34:51,744 INFO /home/lisian/.local/bin/bench watch
2025-04-29 19:34:51,752 INFO /home/lisian/.local/bin/bench schedule
2025-04-29 19:34:51,752 INFO /home/lisian/.local/bin/bench serve --port 8000
2025-04-29 19:34:51,758 INFO /home/lisian/.local/bin/bench worker
2025-04-29 19:37:31,656 INFO /home/lisian/.local/bin/bench --site library.localhost add-to-hosts
2025-04-29 19:37:52,304 INFO /home/lisian/.local/bin/bench --site fayolex.com add-to-hosts
2025-04-29 19:38:31,927 INFO /home/lisian/.local/bin/bench --site library.localhost list-hosts
2025-04-29 19:38:48,132 INFO /home/lisian/.local/bin/bench --site list-hosts
2025-04-29 19:38:55,461 INFO /home/lisian/.local/bin/bench frappe --help
2025-04-29 19:39:00,821 INFO /home/lisian/.local/bin/bench --help
2025-04-29 19:39:27,652 INFO /home/lisian/.local/bin/bench browse
2025-04-29 19:39:43,703 INFO /home/lisian/.local/bin/bench browse --site fayolex.com
2025-04-29 19:40:05,756 INFO /home/lisian/.local/bin/bench --site fayolex.com browse
2025-04-29 19:48:41,414 INFO /home/lisian/.local/bin/bench start
2025-04-29 19:48:41,736 INFO /home/lisian/.local/bin/bench serve --port 8000
2025-04-29 19:48:41,739 INFO /home/lisian/.local/bin/bench schedule
2025-04-29 19:48:41,744 INFO /home/lisian/.local/bin/bench watch
2025-04-29 19:48:41,748 INFO /home/lisian/.local/bin/bench worker
2025-04-29 19:56:00,641 INFO /home/lisian/.local/bin/bench start
2025-04-29 19:56:00,964 INFO /home/lisian/.local/bin/bench schedule
2025-04-29 19:56:00,970 INFO /home/lisian/.local/bin/bench watch
2025-04-29 19:56:00,978 INFO /home/lisian/.local/bin/bench serve --port 8000
2025-04-29 19:56:00,980 INFO /home/lisian/.local/bin/bench worker
2025-04-29 19:59:28,536 INFO /home/lisian/.local/bin/bench start
2025-04-29 19:59:29,005 INFO /home/lisian/.local/bin/bench serve --port 8000
2025-04-29 19:59:29,011 INFO /home/lisian/.local/bin/bench worker
2025-04-29 19:59:29,016 INFO /home/lisian/.local/bin/bench watch
2025-04-29 19:59:29,027 INFO /home/lisian/.local/bin/bench schedule
2025-04-29 20:01:02,872 INFO /home/lisian/.local/bin/bench start
2025-04-29 20:01:14,873 INFO /home/lisian/.local/bin/bench start
2025-04-29 20:01:30,743 INFO /home/lisian/.local/bin/bench start
2025-04-29 20:01:31,091 INFO /home/lisian/.local/bin/bench serve --port 8000
2025-04-29 20:01:31,101 INFO /home/lisian/.local/bin/bench watch
2025-04-29 20:01:31,114 INFO /home/lisian/.local/bin/bench worker
2025-04-29 20:01:31,114 INFO /home/lisian/.local/bin/bench schedule
2025-04-29 20:01:48,142 INFO /home/lisian/.local/bin/bench start
2025-04-29 20:01:48,408 INFO /home/lisian/.local/bin/bench serve --port 8000
2025-04-29 20:01:48,414 INFO /home/lisian/.local/bin/bench schedule
2025-04-29 20:01:48,429 INFO /home/lisian/.local/bin/bench watch
2025-04-29 20:01:48,435 INFO /home/lisian/.local/bin/bench worker
2025-04-29 20:03:08,529 INFO /home/lisian/.local/bin/bench start
2025-04-29 20:03:08,858 INFO /home/lisian/.local/bin/bench serve --port 8000
2025-04-29 20:03:08,861 INFO /home/lisian/.local/bin/bench watch
2025-04-29 20:03:08,862 INFO /home/lisian/.local/bin/bench schedule
2025-04-29 20:03:08,870 INFO /home/lisian/.local/bin/bench worker
2025-04-29 20:05:11,226 INFO /home/lisian/.local/bin/bench start
2025-04-29 20:05:11,521 INFO /home/lisian/.local/bin/bench serve --port 8000
2025-04-29 20:05:11,526 INFO /home/lisian/.local/bin/bench watch
2025-04-29 20:05:11,527 INFO /home/lisian/.local/bin/bench schedule
2025-04-29 20:05:11,534 INFO /home/lisian/.local/bin/bench worker
2025-04-29 20:05:17,029 INFO /home/lisian/.local/bin/bench start
2025-04-29 20:05:17,313 INFO /home/lisian/.local/bin/bench schedule
2025-04-29 20:05:17,318 INFO /home/lisian/.local/bin/bench worker
2025-04-29 20:05:17,318 INFO /home/lisian/.local/bin/bench watch
2025-04-29 20:05:17,320 INFO /home/lisian/.local/bin/bench serve --port 8000
2025-04-29 20:05:19,383 INFO /home/lisian/.local/bin/bench start
2025-04-29 20:05:19,693 INFO /home/lisian/.local/bin/bench schedule
2025-04-29 20:05:19,694 INFO /home/lisian/.local/bin/bench serve --port 8000
2025-04-29 20:05:19,704 INFO /home/lisian/.local/bin/bench watch
2025-04-29 20:05:19,707 INFO /home/lisian/.local/bin/bench worker
2025-04-29 20:05:21,360 INFO /home/lisian/.local/bin/bench start
2025-04-29 20:05:21,650 INFO /home/lisian/.local/bin/bench watch
2025-04-29 20:05:21,653 INFO /home/lisian/.local/bin/bench serve --port 8000
2025-04-29 20:05:21,668 INFO /home/lisian/.local/bin/bench worker
2025-04-29 20:05:21,671 INFO /home/lisian/.local/bin/bench schedule
2025-04-29 20:05:50,614 INFO /home/lisian/.local/bin/bench start
2025-04-29 20:05:50,927 INFO /home/lisian/.local/bin/bench serve --port 8000
2025-04-29 20:05:50,927 INFO /home/lisian/.local/bin/bench watch
2025-04-29 20:05:50,930 INFO /home/lisian/.local/bin/bench worker
2025-04-29 20:05:50,936 INFO /home/lisian/.local/bin/bench schedule
2025-04-29 20:05:53,202 INFO /home/lisian/.local/bin/bench start
2025-04-29 20:05:53,457 INFO /home/lisian/.local/bin/bench watch
2025-04-29 20:05:53,463 INFO /home/lisian/.local/bin/bench serve --port 8000
2025-04-29 20:05:53,471 INFO /home/lisian/.local/bin/bench schedule
2025-04-29 20:05:53,474 INFO /home/lisian/.local/bin/bench worker
2025-04-29 20:06:22,011 INFO /home/lisian/.local/bin/bench start
2025-04-29 20:06:22,328 INFO /home/lisian/.local/bin/bench serve --port 8000
2025-04-29 20:06:22,329 INFO /home/lisian/.local/bin/bench watch
2025-04-29 20:06:22,333 INFO /home/lisian/.local/bin/bench schedule
2025-04-29 20:06:22,336 INFO /home/lisian/.local/bin/bench worker
2025-04-29 20:06:57,967 INFO /home/lisian/.local/bin/bench start
2025-04-29 20:06:58,235 INFO /home/lisian/.local/bin/bench serve --port 8000
2025-04-29 20:06:58,249 INFO /home/lisian/.local/bin/bench worker
2025-04-29 20:06:58,250 INFO /home/lisian/.local/bin/bench schedule
2025-04-29 20:06:58,256 INFO /home/lisian/.local/bin/bench watch
2025-04-29 20:08:03,874 INFO /home/lisian/.local/bin/bench start
2025-04-29 20:08:04,169 INFO /home/lisian/.local/bin/bench watch
2025-04-29 20:08:04,169 INFO /home/lisian/.local/bin/bench serve --port 8000
2025-04-29 20:08:04,170 INFO /home/lisian/.local/bin/bench worker
2025-04-29 20:08:04,171 INFO /home/lisian/.local/bin/bench schedule
2025-04-29 20:08:32,235 INFO /home/lisian/.local/bin/bench migrate
2025-04-29 20:08:49,440 INFO /home/lisian/.local/bin/bench --site fayelox.com migrate
2025-04-29 20:08:57,393 INFO /home/lisian/.local/bin/bench --site fayelox.com browse
2025-04-29 20:09:09,695 INFO /home/lisian/.local/bin/bench --site fayolex.com migrate
2025-04-29 20:09:28,248 INFO /home/lisian/.local/bin/bench start
2025-04-29 20:09:28,516 INFO /home/lisian/.local/bin/bench watch
2025-04-29 20:09:28,517 INFO /home/lisian/.local/bin/bench serve --port 8000
2025-04-29 20:09:28,518 INFO /home/lisian/.local/bin/bench worker
2025-04-29 20:09:28,531 INFO /home/lisian/.local/bin/bench schedule
2025-04-30 00:23:56,116 INFO /home/lisian/.local/bin/bench start
2025-04-30 00:23:56,706 INFO /home/lisian/.local/bin/bench serve --port 8000
2025-04-30 00:23:56,712 INFO /home/lisian/.local/bin/bench schedule
2025-04-30 00:23:56,718 INFO /home/lisian/.local/bin/bench worker
2025-04-30 00:23:56,719 INFO /home/lisian/.local/bin/bench watch
2025-04-30 00:27:53,227 INFO /home/lisian/.local/bin/bench start
2025-04-30 00:34:59,886 INFO /home/lisian/.local/bin/bench find .
2025-04-30 00:44:14,480 INFO /home/lisian/.local/bin/bench start
2025-04-30 00:44:15,340 INFO /home/lisian/.local/bin/bench serve --port 8000
2025-04-30 00:44:15,355 INFO /home/lisian/.local/bin/bench schedule
2025-04-30 00:44:15,364 INFO /home/lisian/.local/bin/bench watch
2025-04-30 00:44:15,371 INFO /home/lisian/.local/bin/bench worker
2025-04-30 00:45:13,722 INFO /home/lisian/.local/bin/bench --site fayolex.com add-to-hosts
2025-04-30 00:46:02,232 INFO /home/lisian/.local/bin/bench new-site fayolex.test
2025-04-30 00:46:41,869 INFO /home/lisian/.local/bin/bench new-site fayolex.test
2025-04-30 00:48:36,604 INFO /home/lisian/.local/bin/bench start
2025-04-30 00:48:37,146 INFO /home/lisian/.local/bin/bench serve --port 8000
2025-04-30 00:48:37,157 INFO /home/lisian/.local/bin/bench schedule
2025-04-30 00:48:37,158 INFO /home/lisian/.local/bin/bench worker
2025-04-30 00:48:37,160 INFO /home/lisian/.local/bin/bench watch
2025-04-30 00:50:09,437 INFO /home/lisian/.local/bin/bench --site fayolex.test add-to-hosts
2025-04-30 00:50:18,313 INFO /home/lisian/.local/bin/bench start
2025-04-30 00:50:24,448 INFO /home/lisian/.local/bin/bench start
2025-04-30 00:50:25,031 INFO /home/lisian/.local/bin/bench watch
2025-04-30 00:50:25,034 INFO /home/lisian/.local/bin/bench worker
2025-04-30 00:50:25,041 INFO /home/lisian/.local/bin/bench serve --port 8000
2025-04-30 00:50:25,069 INFO /home/lisian/.local/bin/bench schedule
2025-04-30 00:52:49,193 INFO /home/lisian/.local/bin/bench --site fayolex.test list-apps
2025-04-30 00:53:14,621 INFO /home/lisian/.local/bin/bench --site fayolex.test browse
2025-04-30 00:53:56,932 INFO /home/lisian/.local/bin/bench --site fayolex.test browse --chrome
2025-04-30 00:54:02,861 INFO /home/lisian/.local/bin/bench --site fayolex.test chrome
2025-04-30 00:54:09,578 INFO /home/lisian/.local/bin/bench --site fayolex.test browse
2025-04-30 00:55:55,205 INFO /home/lisian/.local/bin/bench clear-cache
2025-04-30 00:56:08,655 INFO /home/lisian/.local/bin/bench --site fayolex.test clear-cache
2025-04-30 00:56:30,262 INFO /home/lisian/.local/bin/bench set-config -g developer_mode true
2025-04-30 00:56:35,869 INFO /home/lisian/.local/bin/bench start
2025-04-30 01:01:36,830 INFO /home/lisian/.local/bin/bench --site uninstall-site fayolex.com
2025-04-30 01:02:08,166 INFO /home/lisian/.local/bin/bench --site fayolex.com uninstall-site
2025-04-30 01:02:17,638 INFO /home/lisian/.local/bin/bench --site fayolex.com uninstall
2025-04-30 01:02:45,550 INFO /home/lisian/.local/bin/bench drop-site fayolex.com
2025-04-30 01:05:13,534 INFO /home/lisian/.local/bin/bench drop-site fayolex.test
2025-04-30 01:05:40,112 INFO /home/lisian/.local/bin/bench new-site localhost
2025-04-30 01:07:10,886 INFO /home/lisian/.local/bin/bench start
2025-04-30 01:07:10,353 INFO /home/lisian/.local/bin/bench worker
2025-04-30 01:07:10,357 INFO /home/lisian/.local/bin/bench serve --port 8000
2025-04-30 01:07:10,359 INFO /home/lisian/.local/bin/bench schedule
2025-04-30 01:07:10,362 INFO /home/lisian/.local/bin/bench watch
2025-04-30 01:07:36,223 INFO /home/lisian/.local/bin/bench --site localhost add-to-hosts
2025-04-30 01:07:46,214 INFO /home/lisian/.local/bin/bench start
2025-04-30 01:07:46,814 INFO /home/lisian/.local/bin/bench watch
2025-04-30 01:07:46,815 INFO /home/lisian/.local/bin/bench serve --port 8000
2025-04-30 01:07:46,822 INFO /home/lisian/.local/bin/bench worker
2025-04-30 01:07:46,840 INFO /home/lisian/.local/bin/bench schedule
2025-04-30 01:16:13,241 INFO /home/lisian/.local/bin/bench start
2025-04-30 01:16:13,863 INFO /home/lisian/.local/bin/bench serve --port 8000
2025-04-30 01:16:13,865 INFO /home/lisian/.local/bin/bench schedule
2025-04-30 01:16:13,871 INFO /home/lisian/.local/bin/bench watch
2025-04-30 01:16:13,881 INFO /home/lisian/.local/bin/bench worker
2025-04-30 01:20:37,634 INFO /home/lisian/.local/bin/bench --site localhost install-app dashboard
2025-04-30 01:20:48,576 INFO /home/lisian/.local/bin/bench --site localhost list-apps
2025-04-30 01:21:42,058 INFO /home/lisian/.local/bin/bench set-config -g developer_mode true
2025-04-30 01:21:51,710 INFO /home/lisian/.local/bin/bench set-config -g developer_mode true
2025-04-30 01:21:55,048 INFO /home/lisian/.local/bin/bench start
2025-04-30 01:21:55,659 INFO /home/lisian/.local/bin/bench serve --port 8000
2025-04-30 01:21:55,660 INFO /home/lisian/.local/bin/bench watch
2025-04-30 01:21:55,663 INFO /home/lisian/.local/bin/bench schedule
2025-04-30 01:21:55,694 INFO /home/lisian/.local/bin/bench worker
2025-04-30 01:22:56,631 INFO /home/lisian/.local/bin/bench set-config -g developer_mode true
2025-04-30 01:23:14,105 INFO /home/lisian/.local/bin/bench --site localhost set-config -g developer_mode true
2025-04-30 01:23:53,657 INFO /home/lisian/.local/bin/bench --site localhost set-config -g developer_mode true
2025-04-30 01:24:17,303 INFO /home/lisian/.local/bin/bench --site localhost set-config -g developer_mode true
2025-04-30 01:24:35,606 INFO /home/lisian/.local/bin/bench --site localhost set-config developer_mode true
2025-04-30 01:25:43,465 INFO /home/lisian/.local/bin/bench start
2025-04-30 01:25:44,014 INFO /home/lisian/.local/bin/bench worker
2025-04-30 01:25:44,029 INFO /home/lisian/.local/bin/bench schedule
2025-04-30 01:25:44,042 INFO /home/lisian/.local/bin/bench watch
2025-04-30 01:25:44,045 INFO /home/lisian/.local/bin/bench serve --port 8000
2025-04-30 03:07:56,574 INFO /home/lisian/.local/bin/bench restart
2025-04-30 03:08:05,399 INFO /home/lisian/.local/bin/bench start
2025-04-30 03:08:05,826 INFO /home/lisian/.local/bin/bench serve --port 8000
2025-04-30 03:08:05,831 INFO /home/lisian/.local/bin/bench schedule
2025-04-30 03:08:05,833 INFO /home/lisian/.local/bin/bench watch
2025-04-30 03:08:05,837 INFO /home/lisian/.local/bin/bench worker
2025-04-30 03:26:47,266 INFO /home/lisian/.local/bin/bench --site localhost import-fixtures
2025-04-30 03:28:25,453 INFO /home/lisian/.local/bin/bench --site localhost import-fixtures
2025-04-30 03:28:56,637 INFO /home/lisian/.local/bin/bench export-fixtures --app dashboard
2025-04-30 03:29:10,419 INFO /home/lisian/.local/bin/bench --site localhost export-fixtures --app dashboard
2025-04-30 03:29:23,823 INFO /home/lisian/.local/bin/bench --site localhost migrate
2025-04-30 03:29:49,756 INFO /home/lisian/.local/bin/bench --site import-doc workspace_performance.json
2025-04-30 03:29:59,285 INFO /home/lisian/.local/bin/bench --site localhost import-doc workspace_performance.json
2025-04-30 03:30:22,411 INFO /home/lisian/.local/bin/bench --site localhost import-doc workspace_performance.json
2025-04-30 03:31:55,619 INFO /home/lisian/.local/bin/bench start
2025-04-30 03:31:55,988 INFO /home/lisian/.local/bin/bench schedule
2025-04-30 03:31:55,990 INFO /home/lisian/.local/bin/bench serve --port 8000
2025-04-30 03:31:55,997 INFO /home/lisian/.local/bin/bench worker
2025-04-30 03:31:55,997 INFO /home/lisian/.local/bin/bench watch
2025-04-30 03:49:11,781 INFO /home/lisian/.local/bin/bench --site localhost set-config ignore_csrf 1
2025-04-30 03:58:42,900 INFO /home/lisian/.local/bin/bench start
2025-04-30 03:58:43,273 INFO /home/lisian/.local/bin/bench worker
2025-04-30 03:58:43,274 INFO /home/lisian/.local/bin/bench schedule
2025-04-30 03:58:43,280 INFO /home/lisian/.local/bin/bench serve --port 8000
2025-04-30 03:58:43,290 INFO /home/lisian/.local/bin/bench watch
2025-04-30 09:36:18,013 INFO /home/lisian/.local/bin/bench start
2025-04-30 09:36:18,734 INFO /home/lisian/.local/bin/bench serve --port 8000
2025-04-30 09:36:18,748 INFO /home/lisian/.local/bin/bench watch
2025-04-30 09:36:18,750 INFO /home/lisian/.local/bin/bench worker
2025-04-30 09:36:18,754 INFO /home/lisian/.local/bin/bench schedule
2025-04-30 10:19:44,264 INFO /home/lisian/.local/bin/bench start
2025-04-30 10:19:45,256 INFO /home/lisian/.local/bin/bench serve --port 8000
2025-04-30 10:19:45,298 INFO /home/lisian/.local/bin/bench watch
2025-04-30 10:19:45,304 INFO /home/lisian/.local/bin/bench schedule
2025-04-30 10:19:45,319 INFO /home/lisian/.local/bin/bench worker
2025-04-30 10:30:29,968 INFO /home/lisian/.local/bin/bench --site localhost list-apps
2025-04-30 12:00:02,518 INFO /home/lisian/.local/bin/bench --verbose --site all backup
